{"nvim-dap": {"commit": "d9b315a"}, "FixCursorHold.nvim": {"commit": "5aa5ff1"}, "packer.nvim": {"commit": "6afb674"}, "nvim-notify": {"commit": "7076ce8"}, "nvim-navic": {"commit": "202312e"}, "null-ls.nvim": {"commit": "bf02782"}, "lualine.nvim": {"commit": "a52f078"}, "which-key.nvim": {"commit": "d1872f1"}, "telescope-file-browser.nvim": {"commit": "00a814a"}, "bufferline.nvim": {"commit": "ffa1d00"}, "cmp-nvim-lsp": {"commit": "affe808"}, "cmp_luasnip": {"commit": "a9de941"}, "friendly-snippets": {"commit": "22a9975"}, "workspaces.nvim": {"commit": "b9bc897"}, "vim-fugitive": {"commit": "dd8107c"}, "neotest-python": {"commit": "c76e25d"}, "indent-blankline.nvim": {"commit": "db7cbcb"}, "telescope.nvim": {"commit": "2584ff3"}, "telescope-project.nvim": {"commit": "b991a2a"}, "vimwiki": {"commit": "63af6e7"}, "Comment.nvim": {"commit": "30d23aa"}, "mason.nvim": {"commit": "6a2b45b"}, "nvim-lspconfig": {"commit": "8e65dbb"}, "LuaSnip": {"commit": "6e506ce"}, "nvim-dap-ui": {"commit": "ebebd42"}, "fd": {"commit": "9ea882d"}, "ripgrep": {"commit": "a66315d"}, "nvim-web-devicons": {"commit": "2d02a56"}, "nvim-treesitter": {"commit": "965a74f"}, "overseer.nvim": {"commit": "6fd97ed"}, "mason-lspconfig.nvim": {"commit": "1534b61"}, "neotest": {"commit": "60b11a2"}, "lspsaga.nvim": {"commit": "7dde52b"}, "dashboard-nvim": {"commit": "daeb807"}, "nvim-tree.lua": {"commit": "1685484"}, "nightfox.nvim": {"commit": "83f6ee9"}, "nvim-dap-python": {"commit": "358fb85"}, "toggleterm.nvim": {"commit": "5e393e5"}, "plenary.nvim": {"commit": "4b66054"}, "nvim-cmp": {"commit": "913eb85"}, "nvim-treesitter-context": {"commit": "82631f6"}, "harpoon": {"commit": "f4aff5b"}, "cmp-path": {"commit": "447c87c"}, "cmp-buffer": {"commit": "3022dbc"}}
