{"nvim-dap": {"commit": "0b320f5"}, "FixCursorHold.nvim": {"commit": "70a9516"}, "packer.nvim": {"commit": "6afb674"}, "nvim-notify": {"commit": "4144654"}, "nvim-navic": {"commit": "132b273"}, "null-ls.nvim": {"commit": "c0c19f3"}, "lualine.nvim": {"commit": "a52f078"}, "which-key.nvim": {"commit": "6885b66"}, "telescope-file-browser.nvim": {"commit": "b1bc53e"}, "bufferline.nvim": {"commit": "f3c531b"}, "cmp-nvim-lsp": {"commit": "affe808"}, "cmp_luasnip": {"commit": "a9de941"}, "friendly-snippets": {"commit": "2be79d8"}, "workspaces.nvim": {"commit": "5a3b96b"}, "vim-fugitive": {"commit": "dd8107c"}, "neotest-python": {"commit": "143aacd"}, "indent-blankline.nvim": {"commit": "db7cbcb"}, "telescope.nvim": {"commit": "76ea9a8"}, "vim-python-pep8-indent": {"commit": "60ba5e1"}, "vimwiki": {"commit": "63af6e7"}, "Comment.nvim": {"commit": "d9cfae1"}, "mason.nvim": {"commit": "6f70671"}, "nvim-lspconfig": {"commit": "e5ba5d2"}, "LuaSnip": {"commit": "8f8d493"}, "nvim-dap-ui": {"commit": "c8ce83a"}, "fd": {"commit": "ee2396b"}, "ripgrep": {"commit": "4386b8e"}, "nvim-web-devicons": {"commit": "563f363"}, "nvim-treesitter": {"commit": "aebc6cf"}, "overseer.nvim": {"commit": "020df5a"}, "mason-lspconfig.nvim": {"commit": "0051870"}, "neotest": {"commit": "6669f6d"}, "lspsaga.nvim": {"commit": "84d5886"}, "dashboard-nvim": {"commit": "4dac085"}, "nvim-tree.lua": {"commit": "5cb87c0"}, "nightfox.nvim": {"commit": "59c3dbc"}, "telescope-project.nvim": {"commit": "91e9a97"}, "nvim-dap-python": {"commit": "52eb083"}, "toggleterm.nvim": {"commit": "2a787c4"}, "plenary.nvim": {"commit": "4b7e520"}, "nvim-cmp": {"commit": "2427d06"}, "nvim-treesitter-context": {"commit": "8d0759e"}, "harpoon": {"commit": "f4aff5b"}, "cmp-path": {"commit": "447c87c"}, "cmp-buffer": {"commit": "3022dbc"}}
